// Jest Snapshot v1, https://goo.gl/fbAQLP

exports[`<Header /> should snapshot the Header component 1`] = `
.c0 {
  background: #7C7C8A;
}

<main
  class="c0"
>
  <h1>
    Header
  </h1>
</main>
`;
